+"a": 1
-"a": 2
"b": true
"c": "hello"
+"d": 'a'
-"e": 2.71
